[art-template.ru/vcard4/style-2/index.html]
[backblue.gif]
[fade.gif]
[index.html]
[art-template.ru/vcard4/assets/images/favicons/apple-touch-icon-144x144.png]
[art-template.ru/vcard4/assets/images/favicons/apple-touch-icon-114x114.png]
[art-template.ru/vcard4/assets/images/favicons/apple-touch-icon-72x72.png]
[art-template.ru/vcard4/assets/images/favicons/apple-touch-icon-57x57.png]
[art-template.ru/vcard4/assets/images/favicons/favicon.png]
[art-template.ru/vcard4/assets/styles/vendors/bootstrap.min.css]
[art-template.ru/vcard4/assets/styles/style.css]
[art-template.ru/vcard4/assets/images/my-avatar.png]
[art-template.ru/vcard4/style-2/resume.html]
[art-template.ru/vcard4/style-2/portfolio.html]
[art-template.ru/vcard4/style-2/blog.html]
[art-template.ru/vcard4/style-2/contact.html]
[art-template.ru/vcard4/assets/images/avatar-1.png]
[art-template.ru/vcard4/assets/images/avatar-2.png]
[art-template.ru/vcard4/assets/images/avatar-3.png]
[art-template.ru/vcard4/assets/images/avatar-4.png]
[art-template.ru/vcard4/assets/images/clients/logo-1-color.png]
[art-template.ru/vcard4/assets/images/clients/logo-2-color.png]
[art-template.ru/vcard4/assets/images/clients/logo-3-color.png]
[art-template.ru/vcard4/assets/images/clients/logo-4-color.png]
[art-template.ru/vcard4/assets/images/clients/logo-5-color.png]
[art-template.ru/vcard4/assets/images/clients/logo-6-color.png]
[art-template.ru/vcard4/assets/js/jquery-3.4.1.min.js]
[art-template.ru/vcard4/assets/js/common.js]
[art-template.ru/vcard4/style-2/index.html]
[art-template.ru/vcard4/assets/images/social.html]
[art-template.ru/vcard4/assets/styles/vendors/bootstrap.min.css]
[art-template.ru/vcard4/assets/styles/vendors/swiper.min.css]
[art-template.ru/vcard4/assets/styles/vendors/simplebar.min.css]
[art-template.ru/vcard4/assets/styles/vendors/magnific-popup.css]
[art-template.ru/vcard4/assets/js/plugins.min.js]
[art-template.ru/vcard4/assets/styles/vendors/photoswipe.css]
[art-template.ru/vcard4/assets/styles/vendors/default-skin.css]
[art-template.ru/vcard4/assets/icons/style-custome-icons.css]
[art-template.ru/vcard4/assets/icons/feather.css]
[art-template.ru/vcard4/assets/styles/style.css]
[art-template.ru/vcard4/style-2/resume.html]
[art-template.ru/vcard4/style-2/single-project.html]
[art-template.ru/vcard4/assets/images/projects/project-1.jpg]
[art-template.ru/vcard4/assets/images/projects/project-2.jpg]
[art-template.ru/vcard4/assets/images/projects/project-3.jpg]
[art-template.ru/vcard4/assets/images/projects/project-4.jpg]
[art-template.ru/vcard4/assets/images/projects/project-5.jpg]
[art-template.ru/vcard4/assets/images/projects/project-6.jpg]
[art-template.ru/vcard4/assets/images/projects/project-7.jpg]
[art-template.ru/vcard4/assets/images/projects/project-8.jpg]
[art-template.ru/vcard4/assets/images/projects/project-9.jpg]
[art-template.ru/vcard4/style-2/portfolio.html]
[art-template.ru/vcard4/style-2/single-post.html]
[art-template.ru/vcard4/assets/images/news/news-1.jpg]
[art-template.ru/vcard4/assets/images/news/news-2.jpg]
[art-template.ru/vcard4/assets/images/news/news-3.jpg]
[art-template.ru/vcard4/assets/images/news/news-4.jpg]
[art-template.ru/vcard4/assets/images/news/news-5.jpg]
[art-template.ru/vcard4/assets/images/news/news-6.jpg]
[art-template.ru/vcard4/style-2/blog.html]
[api.mapbox.com/mapbox-gl-js/v1.4.1/mapbox-gl.js]
[api.mapbox.com/mapbox-gl-js/v1.4.1/mapbox-gl.css]
[art-template.ru/vcard4/assets/js/mapbox.init.js]
[art-template.ru/vcard4/style-2/contact.html]
[art-template.ru/vcard4/assets/styles/vendors/swiper.min.css]
[art-template.ru/vcard4/assets/styles/vendors/simplebar.min.css]
[art-template.ru/vcard4/assets/styles/vendors/magnific-popup.css]
[art-template.ru/vcard4/assets/styles/vendors/photoswipe.css]
[art-template.ru/vcard4/assets/styles/vendors/default-skin.css]
[art-template.ru/vcard4/assets/icons/style-custome-icons.css]
[art-template.ru/vcard4/assets/icons/feather.css]
[art-template.ru/vcard4/assets/images/projects/Moonboard-1.jpg]
[art-template.ru/vcard4/assets/images/projects/Moonboard-2.jpg]
[art-template.ru/vcard4/assets/images/projects/Moonboard-3.jpg]
[art-template.ru/vcard4/assets/images/projects/Moonboard-4.jpg]
[art-template.ru/vcard4/style-2/single-project.html]
[art-template.ru/vcard4/assets/images/news/image_02.jpg]
[art-template.ru/vcard4/assets/images/news/news-add-1.jpg]
[art-template.ru/vcard4/assets/images/news/news-add-2.jpg]
[art-template.ru/vcard4/style-2/single-post.html]
[api.mapbox.com/mapbox-gl-js/v1.4.1/mapbox-gl.css]
[art-template.ru/vcard4/assets/styles/vendors/preloader.html]
[art-template.ru/vcard4/assets/icons/icomoon8f82.html]
[art-template.ru/vcard4/assets/icons/icomoon8f82-2.html]
[art-template.ru/vcard4/assets/icons/icomoon8f82.svg]
[art-template.ru/vcard4/assets/icons/feather6290.html]
[art-template.ru/vcard4/assets/icons/feather6290-2.html]
